INFO: Initializing raylib 6.0
INFO: Platform backend: DESKTOP (GLFW)
[New Thread 14584.0x1fe0]
[New Thread 14584.0x443c]
INFO: Supported raylib modules:
INFO:     > rcore:..... loaded (mandatory)
INFO:     > rlgl:...... loaded (mandatory)
INFO:     > rshapes:... loaded (optional)
INFO:     > rtextures:. loaded (optional)
INFO:     > rtext:..... loaded (optional)
INFO:     > rmodels:... loaded (optional)
INFO:     > raudio:.... loaded (optional)
[New Thread 14584.0x4a70]
[New Thread 14584.0x50d8]
[New Thread 14584.0x20dc]
[New Thread 14584.0x3be0]
INFO: DISPLAY: Device initialized successfully 
INFO:     > Display size: 1920 x 1080
INFO:     > Screen size:  800 x 600
INFO:     > Render size:  800 x 600
INFO:     > Viewport offsets: 0, 0
INFO: GLAD: OpenGL extensions loaded successfully
INFO: GL: Supported extensions count: 302
INFO: GL: OpenGL device information:
INFO:     > Vendor:   ATI Technologies Inc.
INFO:     > Renderer: Radeon 530 Series
INFO:     > Version:  3.3.148201 Core Profile Context 20.50.02 27.20.15002.118
INFO:     > GLSL:     4.60
INFO: GL: VAO extension detected, VAO functions loaded successfully
INFO: GL: NPOT textures extension detected, full NPOT textures supported
INFO: GL: DXT compressed textures supported
INFO: GL: ETC2/EAC compressed textures supported
INFO: PLATFORM: DESKTOP (GLFW - Win32): Initialized successfully
INFO: TEXTURE: [ID 1] Texture loaded successfully (1x1 | R8G8B8A8 | 1 mipmaps)
INFO: TEXTURE: [ID 1] Default texture loaded successfully
INFO: SHADER: [ID 1] Vertex shader compiled successfully
INFO: SHADER: [ID 2] Fragment shader compiled successfully
INFO: SHADER: [ID 3] Program shader loaded successfully
INFO: SHADER: [ID 3] Default shader loaded successfully
INFO: RLGL: Render batch vertex buffers loaded successfully in RAM (CPU)
INFO: RLGL: Render batch vertex buffers loaded successfully in VRAM (GPU)
INFO: RLGL: Default OpenGL state initialized successfully
INFO: TEXTURE: [ID 2] Texture loaded successfully (128x128 | GRAY_ALPHA | 1 mipmaps)
INFO: FONT: Default font loaded successfully (224 glyphs)
INFO: SYSTEM: Working Directory: D:\02_CODE\06_BUET_CSE\02_GAMES\raylib_template\raylib_template
INFO: TIMER: Target time per frame: 16.667 milliseconds
INFO: FILEIO: [resources/spaceship.png] File loaded successfully
INFO: IMAGE: Data loaded successfully (676x369 | R8G8B8A8 | 1 mipmaps)
INFO: TEXTURE: [ID 3] Texture loaded successfully (676x369 | R8G8B8A8 | 1 mipmaps)
