[New Thread 18388.0x628c]
[New Thread 18388.0x2d34]
INFO: Initializing raylib 6.0
INFO: Platform backend: DESKTOP (GLFW)
INFO: Supported raylib modules:
INFO:     > rcore:..... loaded (mandatory)
INFO:     > rlgl:...... loaded (mandatory)
INFO:     > rshapes:... loaded (optional)
INFO:     > rtextures:. loaded (optional)
INFO:     > rtext:..... loaded (optional)
INFO:     > rmodels:... loaded (optional)
INFO:     > raudio:.... loaded (optional)
[New Thread 18388.0x3be8]
[New Thread 18388.0x34bc]
[New Thread 18388.0x4974]
[New Thread 18388.0x4cb0]
[New Thread 18388.0x1ef0]
[New Thread 18388.0x2090]
[New Thread 18388.0x41cc]
[Thread 18388.0x1ef0 exited with code 1]
[New Thread 18388.0x3480]
[New Thread 18388.0x3534]
INFO: DISPLAY: Device initialized successfully 
INFO:     > Display size: 1920 x 1080
INFO:     > Screen size:  800 x 600
INFO:     > Render size:  800 x 600
INFO:     > Viewport offsets: 0, 0
INFO: GLAD: OpenGL extensions loaded successfully
INFO: GL: Supported extensions count: 239
INFO: GL: OpenGL device information:
INFO:     > Vendor:   Intel
INFO:     > Renderer: Intel(R) UHD Graphics
INFO:     > Version:  3.3.0 - Build 30.0.100.9805
INFO:     > GLSL:     3.30 - Build 30.0.100.9805
INFO: GL: VAO extension detected, VAO functions loaded successfully
INFO: GL: NPOT textures extension detected, full NPOT textures supported
INFO: GL: DXT compressed textures supported
INFO: GL: ETC2/EAC compressed textures supported
INFO: GL: ASTC compressed textures supported
INFO: PLATFORM: DESKTOP (GLFW - Win32): Initialized successfully
INFO: TEXTURE: [ID 1] Texture loaded successfully (1x1 | R8G8B8A8 | 1 mipmaps)
INFO: TEXTURE: [ID 1] Default texture loaded successfully
INFO: SHADER: [ID 1] Vertex shader compiled successfully
INFO: SHADER: [ID 2] Fragment shader compiled successfully
INFO: SHADER: [ID 3] Program shader loaded successfully
INFO: SHADER: [ID 3] Default shader loaded successfully
INFO: RLGL: Render batch vertex buffers loaded successfully in RAM (CPU)
INFO: RLGL: Render batch vertex buffers loaded successfully in VRAM (GPU)
INFO: RLGL: Default OpenGL state initialized successfully
INFO: TEXTURE: [ID 2] Texture loaded successfully (128x128 | GRAY_ALPHA | 1 mipmaps)
INFO: FONT: Default font loaded successfully (224 glyphs)
INFO: SYSTEM: Working Directory: D:\02_CODE\06_BUET_CSE\02_GAMES\raylib_template\raylib_template
INFO: TIMER: Target time per frame: 16.667 milliseconds
INFO: FILEIO: [resources/spaceship.png] File loaded successfully
INFO: IMAGE: Data loaded successfully (676x369 | R8G8B8A8 | 1 mipmaps)
INFO: TEXTURE: [ID 3] Texture loaded successfully (676x369 | R8G8B8A8 | 1 mipmaps)
